20200318.002
树莓派4B安装centos7.7后的wifi配置和根目录扩展



wifi配置
  用root进入centos后
1. nmcli radio  //查看网卡设备状态
2. nmcli device //查看网卡驱动状态
3. nmcli device wifi rescan //扫描wifi信号
4. nmcli device wifi list //获取wifi热点列表
5. nmcli device wifi connect "SSIDName" password "wireless password"  //"SSIDName"是你的SSID名， "wireless password" 是无线密码
    如果SSID是隐藏了，要把SSID改为可发现。
6. ifconfig //查看wifi的网卡是否获得IP了



根目录扩展
  树莓派4B安装centos7.7后的根只分配1.4G，根本不够
  用root进入centos后
1. df -H  //查看
2. lsblk  //查看分区挂载情况
	[root@localhost ~]# lsblk
	NAME        MAJ:MIN RM   SIZE RO TYPE MOUNTPOINT
	mmcblk0     179:0    0 119.1G  0 disk 
	|-mmcblk0p2 179:2    0   488M  0 part [SWAP]
	|-mmcblk0p3 179:3    0   1.4G  0 part /
	`-mmcblk0p1 179:1    0   286M  0 part /boot
3. 可以知道根目录挂载的是mmcblk0p3分区，调整mmcblk0p3的分区大小即可。
fdisk -l /dev/mmcblk0   //记下mmcblk0p3的开始扇区1593344，后在要用到(默认的一直敲回车就行)
	[root@localhost ~]# fdisk -l /dev/mmcblk0                                        
	                                                                                 
	Disk /dev/mmcblk0: 127.9 GB, 127865454592 bytes, 249737216 sectors               
	Units = sectors of 1 * 512 = 512 bytes                                           
	Sector size (logical/physical): 512 bytes / 512 bytes                            
	I/O size (minimum/optimal): 512 bytes / 512 bytes                                
	Disk label type: dos                                                             
	Disk identifier: 0x00060b0d                                                      
	                                                                                 
	        Device Boot      Start         End      Blocks   Id  System              
	/dev/mmcblk0p1   *        8192      593919      292864    c  W95 FAT32 (LBA)     32 (LBA)
	/dev/mmcblk0p2          593920     1593343      499712   82  Linux swap / Solariswap / Solaris
	/dev/mmcblk0p3         1593344     4524031     1465344   83  Linux               

fdisk /dev/mmcblk0   //对mmcblk0p3进行调整
通过输入d删除分区(默认的一直敲回车就行)
输入 n 新建分区(之后一直敲回车就行)
输入p，查看分区结果
输入w写入分区
reboot重启
	[root@localhost ~]# fdisk /dev/mmcblk0 
	Welcome to fdisk (util-linux 2.23.2).
	
	Changes will remain in memory only, until you decide to write them.
	Be careful before using the write command.
	
	
	Command (m for help): p
	
	Disk /dev/mmcblk0: 127.9 GB, 127865454592 bytes, 249737216 sectors
	Units = sectors of 1 * 512 = 512 bytes
	Sector size (logical/physical): 512 bytes / 512 bytes
	I/O size (minimum/optimal): 512 bytes / 512 bytes
	Disk label type: dos
	Disk identifier: 0x00060b0d
	
	        Device Boot      Start         End      Blocks   Id  System
	/dev/mmcblk0p1   *        8192      593919      292864    c  W95 FAT32 (LBA)
	/dev/mmcblk0p2          593920     1593343      499712   82  Linux swap / Solaris
	/dev/mmcblk0p3         1593344     4524031     1465344   83  Linux
	
	Command (m for help): d
	Partition number (1-3, default 3): 
	Partition 3 is deleted
	
	Command (m for help): p
	
	Disk /dev/mmcblk0: 127.9 GB, 127865454592 bytes, 249737216 sectors
	Units = sectors of 1 * 512 = 512 bytes
	Sector size (logical/physical): 512 bytes / 512 bytes
	I/O size (minimum/optimal): 512 bytes / 512 bytes
	Disk label type: dos
	Disk identifier: 0x00060b0d
	
	        Device Boot      Start         End      Blocks   Id  System
	/dev/mmcblk0p1   *        8192      593919      292864    c  W95 FAT32 (LBA)
	/dev/mmcblk0p2          593920     1593343      499712   82  Linux swap / Solaris
	
	Command (m for help): n
	Partition type:
	   p   primary (2 primary, 0 extended, 2 free)
	   e   extended
	Select (default p): 
	Using default response p
	Partition number (3,4, default 3): 
	First sector (2048-249737215, default 2048): 1593344	<<<<<<这里一定要填写上面的mmcblk0p3的开始扇区1593344，不然重启会启不来
	Last sector, +sectors or +size{K,M,G} (1593344-249737215, default 249737215): 
	Using default value 249737215
	Partition 3 of type Linux and of size 118.3 GiB is set
	
	Command (m for help): p
	
	Disk /dev/mmcblk0: 127.9 GB, 127865454592 bytes, 249737216 sectors
	Units = sectors of 1 * 512 = 512 bytes
	Sector size (logical/physical): 512 bytes / 512 bytes
	I/O size (minimum/optimal): 512 bytes / 512 bytes
	Disk label type: dos
	Disk identifier: 0x00060b0d
	
	        Device Boot      Start         End      Blocks   Id  System
	/dev/mmcblk0p1   *        8192      593919      292864    c  W95 FAT32 (LBA)
	/dev/mmcblk0p2          593920     1593343      499712   82  Linux swap / Solaris
	/dev/mmcblk0p3         1593344   249737215   124071936   83  Linux
	
	Command (m for help): w
	The partition table has been altered!
	
	Calling ioctl() to re-read partition table.
	
	WARNING: Re-reading the partition table failed with error 16: Device or resource busy.
	The kernel still uses the old table. The new table will be used at
	the next reboot or after you run partprobe(8) or kpartx(8)
	Syncing disks.

重启之后，执行命令resize2fs /dev/mmcblk0p3，使分区生效。
	[root@localhost ~]# df -h
	Filesystem      Size  Used Avail Use% Mounted on
	/dev/root       1.4G  1.2G  211M  85% /
	devtmpfs        1.9G     0  1.9G   0% /dev
	tmpfs           2.0G     0  2.0G   0% /dev/shm
	tmpfs           2.0G   17M  1.9G   1% /run
	tmpfs           2.0G     0  2.0G   0% /sys/fs/cgroup
	/dev/mmcblk0p1  286M   52M  235M  18% /boot
	tmpfs           391M     0  391M   0% /run/user/0
	[root@localhost ~]# lsblk
	NAME        MAJ:MIN RM   SIZE RO TYPE MOUNTPOINT
	sda           8:0    1   7.5G  0 disk 
	mmcblk0     179:0    0 119.1G  0 disk 
	|-mmcblk0p2 179:2    0   488M  0 part [SWAP]
	|-mmcblk0p3 179:3    0 118.3G  0 part /
	`-mmcblk0p1 179:1    0   286M  0 part /boot
	[root@localhost ~]# resize2fs /dev/mmcblk0p3
	resize2fs 1.42.9 (28-Dec-2013)
	Filesystem at /dev/mmcblk0p3 is mounted on /; on-line resizing required
	old_desc_blocks = 1, new_desc_blocks = 15
	The filesystem on /dev/mmcblk0p3 is now 31017984 blocks long.
	
	[root@localhost ~]# df -h
	Filesystem      Size  Used Avail Use% Mounted on
	/dev/root       117G  1.2G  116G   1% /
	devtmpfs        1.9G     0  1.9G   0% /dev
	tmpfs           2.0G     0  2.0G   0% /dev/shm
	tmpfs           2.0G   17M  1.9G   1% /run
	tmpfs           2.0G     0  2.0G   0% /sys/fs/cgroup
	/dev/mmcblk0p1  286M   52M  235M  18% /boot
	tmpfs           391M     0  391M   0% /run/user/0
	[root@localhost ~]# 
	